2019/07/22 07:19:42 /Users/yoshimitsu.egashira/.gvm/pkgsets/go1.12.6/global/src/github.com/ciruclation-dev/go-practice/lesson.go:22: Exit open fskfasdjfdksjfhgkldsjhfakjshd: no such file or directory
2019/07/22 07:20:05 /Users/yoshimitsu.egashira/.gvm/pkgsets/go1.12.6/global/src/github.com/ciruclation-dev/go-practice/lesson.go:22: Exit open hoge: no such file or directory
